------------------------------------------------------------
TimeQuest Timing Analyzer Summary
------------------------------------------------------------

Type  : Slow 1200mV 100C Model Setup 'counter2p16:dev|overflow'
Slack : -2.217
TNS   : -26.721

Type  : Slow 1200mV 100C Model Setup 'counter4:dev2|overflow'
Slack : -1.951
TNS   : -12.971

Type  : Slow 1200mV 100C Model Setup 'clock'
Slack : -1.650
TNS   : -17.776

Type  : Slow 1200mV 100C Model Hold 'clock'
Slack : 0.414
TNS   : 0.000

Type  : Slow 1200mV 100C Model Hold 'counter2p16:dev|overflow'
Slack : 0.414
TNS   : 0.000

Type  : Slow 1200mV 100C Model Hold 'counter4:dev2|overflow'
Slack : 0.415
TNS   : 0.000

Type  : Slow 1200mV 100C Model Minimum Pulse Width 'clock'
Slack : -3.000
TNS   : -27.415

Type  : Slow 1200mV 100C Model Minimum Pulse Width 'counter2p16:dev|overflow'
Slack : -1.285
TNS   : -21.845

Type  : Slow 1200mV 100C Model Minimum Pulse Width 'counter4:dev2|overflow'
Slack : -1.285
TNS   : -16.705

Type  : Slow 1200mV -40C Model Setup 'counter2p16:dev|overflow'
Slack : -1.846
TNS   : -21.737

Type  : Slow 1200mV -40C Model Setup 'counter4:dev2|overflow'
Slack : -1.573
TNS   : -10.095

Type  : Slow 1200mV -40C Model Setup 'clock'
Slack : -1.227
TNS   : -12.593

Type  : Slow 1200mV -40C Model Hold 'clock'
Slack : 0.342
TNS   : 0.000

Type  : Slow 1200mV -40C Model Hold 'counter2p16:dev|overflow'
Slack : 0.343
TNS   : 0.000

Type  : Slow 1200mV -40C Model Hold 'counter4:dev2|overflow'
Slack : 0.343
TNS   : 0.000

Type  : Slow 1200mV -40C Model Minimum Pulse Width 'clock'
Slack : -3.000
TNS   : -27.415

Type  : Slow 1200mV -40C Model Minimum Pulse Width 'counter2p16:dev|overflow'
Slack : -1.285
TNS   : -21.845

Type  : Slow 1200mV -40C Model Minimum Pulse Width 'counter4:dev2|overflow'
Slack : -1.285
TNS   : -16.705

Type  : Fast 1200mV -40C Model Setup 'counter2p16:dev|overflow'
Slack : -0.476
TNS   : -4.403

Type  : Fast 1200mV -40C Model Setup 'counter4:dev2|overflow'
Slack : -0.376
TNS   : -1.967

Type  : Fast 1200mV -40C Model Setup 'clock'
Slack : -0.227
TNS   : -0.533

Type  : Fast 1200mV -40C Model Hold 'clock'
Slack : 0.178
TNS   : 0.000

Type  : Fast 1200mV -40C Model Hold 'counter2p16:dev|overflow'
Slack : 0.178
TNS   : 0.000

Type  : Fast 1200mV -40C Model Hold 'counter4:dev2|overflow'
Slack : 0.178
TNS   : 0.000

Type  : Fast 1200mV -40C Model Minimum Pulse Width 'clock'
Slack : -3.000
TNS   : -23.032

Type  : Fast 1200mV -40C Model Minimum Pulse Width 'counter2p16:dev|overflow'
Slack : -1.000
TNS   : -17.000

Type  : Fast 1200mV -40C Model Minimum Pulse Width 'counter4:dev2|overflow'
Slack : -1.000
TNS   : -13.000

------------------------------------------------------------
